#-----------------------------------------------------------
# Vivado v2023.2 (64-bit)
# SW Build 4029153 on Fri Oct 13 20:14:34 MDT 2023
# IP Build 4028589 on Sat Oct 14 00:45:43 MDT 2023
# SharedData Build 4025554 on Tue Oct 10 17:18:54 MDT 2023
# Start of session at: Tue Oct  8 21:17:19 2024
# Process ID: 20608
# Current directory: C:/Users/Armin/Desktop/openeye/3.build/vivado
# Command line: vivado.exe -gui_launcher_event rodinguilauncherevent8600 C:\Users\Armin\Desktop\openeye\3.build\vivado\vivado.xpr
# Log file: C:/Users/Armin/Desktop/openeye/3.build/vivado/vivado.log
# Journal file: C:/Users/Armin/Desktop/openeye/3.build/vivado\vivado.jou
# Running On: DESKTOP-8O6FINE, OS: Windows, CPU Frequency: 2096 MHz, CPU Physical cores: 8, Host memory: 6352 MB
#-----------------------------------------------------------
start_gui
open_project C:/Users/Armin/Desktop/openeye/3.build/vivado/vivado.xpr
set_property is_enabled true [get_files  C:/Users/Armin/Desktop/openeye/3.build/vivado/top.Artix100.CRUVI_CA.xdc]
set_property is_enabled false [get_files  C:/Users/Armin/Desktop/openeye/3.build/vivado/top.Artix100.CRUVI_CC.xdc]
reset_run synth_1
launch_runs impl_1 -to_step write_bitstream -jobs 8
wait_on_run impl_1
reset_run synth_1
launch_runs synth_1 -jobs 8
wait_on_run synth_1
import_files -norecurse C:/Users/Armin/Desktop/openeye/1.hw/csi_rx/csi_rx_12bit_unpack.sv
reset_run synth_1
launch_runs synth_1 -jobs 8
wait_on_run synth_1
export_ip_user_files -of_objects  [get_files C:/Users/Armin/Desktop/openeye/3.build/vivado/vivado.srcs/sources_1/imports/csi_rx/csi_rx_12bit_unpack.sv] -no_script -reset -force -quiet
remove_files  C:/Users/Armin/Desktop/openeye/3.build/vivado/vivado.srcs/sources_1/imports/csi_rx/csi_rx_12bit_unpack.sv
add_files -norecurse -scan_for_includes {C:/Users/Armin/Desktop/openeye/1.hw/csi_rx/csi_rx_12bit_unpack.sv C:/Users/Armin/Desktop/openeye/1.hw/csi_rx/csi_rx_10bit_unpack.sv C:/Users/Armin/Desktop/openeye/1.hw/isp/raw2rgb.10.sv C:/Users/Armin/Desktop/openeye/1.hw/isp/raw2rgb.12.sv C:/Users/Armin/Desktop/openeye/1.hw/isp/raw2rgb.14.sv}
reset_run synth_1
launch_runs synth_1 -jobs 8
wait_on_run synth_1
launch_runs impl_1 -jobs 8
wait_on_run impl_1
open_hw_manager
connect_hw_server -allow_non_jtag
disconnect_hw_server localhost:3121
connect_hw_server -allow_non_jtag
disconnect_hw_server localhost:3121
connect_hw_server -allow_non_jtag
disconnect_hw_server localhost:3121
connect_hw_server -allow_non_jtag
disconnect_hw_server localhost:3121
connect_hw_server -allow_non_jtag
close_hw_manager
reset_run synth_1
launch_runs impl_1 -jobs 8
wait_on_run impl_1
reset_run synth_1
launch_runs impl_1 -jobs 8
wait_on_run impl_1
reset_run synth_1
launch_runs impl_1 -jobs 8
wait_on_run impl_1
synth_design -rtl -rtl_skip_mlo -name rtl_1
refresh_design
close_design
reset_run synth_1
launch_runs impl_1 -jobs 8
wait_on_run impl_1
reset_run synth_1
launch_runs impl_1 -jobs 8
wait_on_run impl_1
open_run synth_1 -name synth_1
report_utilization -name utilization_1
open_hw_manager
connect_hw_server -allow_non_jtag
disconnect_hw_server localhost:3121
connect_hw_server -allow_non_jtag
disconnect_hw_server localhost:3121
connect_hw_server -allow_non_jtag
close_hw_manager
open_hw_manager
connect_hw_server -allow_non_jtag
disconnect_hw_server localhost:3121
connect_hw_server -allow_non_jtag
export_ip_user_files -of_objects  [get_files C:/Users/Armin/Desktop/openeye/3.build/vivado/top.Artix100.CRUVI_CC.xdc] -no_script -reset -force -quiet
remove_files  -fileset constrs_1 C:/Users/Armin/Desktop/openeye/3.build/vivado/top.Artix100.CRUVI_CC.xdc
set_property target_constrs_file C:/Users/Armin/Desktop/openeye/3.build/vivado/top.Artix100.CRUVI_CA.xdc [current_fileset -constrset]
close_design
close_hw_manager
open_run synth_1 -name synth_1
